#
# There is insufficient memory for the Java Runtime Environment to continue.
# Native memory allocation (malloc) failed to allocate 1340608 bytes. Error detail: Chunk::new
# Possible reasons:
#   The system is out of physical RAM or swap space
#   This process is running with CompressedOops enabled, and the Java Heap may be blocking the growth of the native heap
# Possible solutions:
#   Reduce memory load on the system
#   Increase physical memory or swap space
#   Check if swap backing store is full
#   Decrease Java heap size (-Xmx/-Xms)
#   Decrease number of Java threads
#   Decrease Java thread stack sizes (-Xss)
#   Set larger code cache with -XX:ReservedCodeCacheSize=
#   JVM is running with Unscaled Compressed Oops mode in which the Java heap is
#     placed in the first 4GB address space. The Java Heap base address is the
#     maximum limit for the native heap growth. Please use -XX:HeapBaseMinAddress
#     to set the Java Heap base and to place the Java Heap above 4GB virtual address.
# This output file may be truncated or incomplete.
#
#  Out of Memory Error (arena.cpp:149), pid=5668, tid=28092
#
# JRE version: OpenJDK Runtime Environment Corretto-23.0.2.7.1 (23.0.2+7) (build 23.0.2+7-FR)
# Java VM: OpenJDK 64-Bit Server VM Corretto-23.0.2.7.1 (23.0.2+7-FR, mixed mode, sharing, tiered, compressed oops, compressed class ptrs, g1 gc, windows-amd64)
# No core dump will be written. Minidumps are not enabled by default on client versions of Windows
#

---------------  S U M M A R Y ------------

Command Line: -javaagent:C:\Program Files\JetBrains\IntelliJ IDEA Community Edition 2024.2.6\lib\idea_rt.jar=52464:C:\Program Files\JetBrains\IntelliJ IDEA Community Edition 2024.2.6\bin -Dfile.encoding=UTF-8 -Dsun.stdout.encoding=UTF-8 -Dsun.stderr.encoding=UTF-8 com.especial_topics_1.restaurant.RestaurantApplication

Host: AMD Ryzen 5 7520U with Radeon Graphics         , 8 cores, 7G,  Windows 11 , 64 bit Build 26100 (10.0.26100.8246)
Time: Tue Apr 28 05:23:36 2026 Hora Padrão de Buenos Aires elapsed time: 5.561529 seconds (0d 0h 0m 5s)

---------------  T H R E A D  ---------------

Current thread (0x000002f07d53f850):  JavaThread "C2 CompilerThread0" daemon [_thread_in_native, id=28092, stack(0x000000f8d0900000,0x000000f8d0a00000) (1024K)]


Current CompileTask:
C2:5561 2377       4       java.lang.invoke.MethodType::methodType (69 bytes)

Stack: [0x000000f8d0900000,0x000000f8d0a00000]
Native frames: (J=compiled Java code, j=interpreted, Vv=VM code, C=native code)
V  [jvm.dll+0x6f3b69]  (no source info available)
V  [jvm.dll+0x8e5d05]  (no source info available)
V  [jvm.dll+0x8e7fbe]  (no source info available)
V  [jvm.dll+0x8e86a3]  (no source info available)
V  [jvm.dll+0x285ee6]  (no source info available)
V  [jvm.dll+0xbd2df]  (no source info available)
V  [jvm.dll+0xbd53b]  (no source info available)
V  [jvm.dll+0x3c248b]  (no source info available)
V  [jvm.dll+0x1e45ba]  (no source info available)
V  [jvm.dll+0x24f374]  (no source info available)
V  [jvm.dll+0x24e731]  (no source info available)
V  [jvm.dll+0x1cb73a]  (no source info available)
V  [jvm.dll+0x25e6b1]  (no source info available)
V  [jvm.dll+0x25c97b]  (no source info available)
V  [jvm.dll+0x3fd8f6]  (no source info available)
V  [jvm.dll+0x88b4a8]  (no source info available)
V  [jvm.dll+0x6f23a5]  (no source info available)
C  [ucrtbase.dll+0x37b0]  (no source info available)
C  [KERNEL32.DLL+0x2e8d7]  (no source info available)
C  [ntdll.dll+0x8c3fc]  (no source info available)

Lock stack of current Java thread (top to bottom):


---------------  P R O C E S S  ---------------

Threads class SMR info:
_java_thread_list=0x000002f056d2a8c0, length=14, elements={
0x000002f06da30700, 0x000002f07d522210, 0x000002f07d523990, 0x000002f07d52d5a0,
0x000002f07d52e000, 0x000002f07d52ff20, 0x000002f07d532e50, 0x000002f07d53f850,
0x000002f0540311b0, 0x000002f054110320, 0x000002f0548eff90, 0x000002f0548f0600,
0x000002f055422040, 0x000002f05608a480
}

Java Threads: ( => current thread )
  0x000002f06da30700 JavaThread "main"                              [_thread_in_vm, id=29184, stack(0x000000f8cfb00000,0x000000f8cfc00000) (1024K)]
  0x000002f07d522210 JavaThread "Reference Handler"          daemon [_thread_blocked, id=20192, stack(0x000000f8d0300000,0x000000f8d0400000) (1024K)]
  0x000002f07d523990 JavaThread "Finalizer"                  daemon [_thread_blocked, id=22744, stack(0x000000f8d0400000,0x000000f8d0500000) (1024K)]
  0x000002f07d52d5a0 JavaThread "Signal Dispatcher"          daemon [_thread_blocked, id=37484, stack(0x000000f8d0500000,0x000000f8d0600000) (1024K)]
  0x000002f07d52e000 JavaThread "Attach Listener"            daemon [_thread_blocked, id=2336, stack(0x000000f8d0600000,0x000000f8d0700000) (1024K)]
  0x000002f07d52ff20 JavaThread "Service Thread"             daemon [_thread_blocked, id=23256, stack(0x000000f8d0700000,0x000000f8d0800000) (1024K)]
  0x000002f07d532e50 JavaThread "Monitor Deflation Thread"   daemon [_thread_blocked, id=16492, stack(0x000000f8d0800000,0x000000f8d0900000) (1024K)]
=>0x000002f07d53f850 JavaThread "C2 CompilerThread0"         daemon [_thread_in_native, id=28092, stack(0x000000f8d0900000,0x000000f8d0a00000) (1024K)]
  0x000002f0540311b0 JavaThread "C1 CompilerThread0"         daemon [_thread_in_vm, id=17940, stack(0x000000f8d0a00000,0x000000f8d0b00000) (1024K)]
  0x000002f054110320 JavaThread "Common-Cleaner"             daemon [_thread_blocked, id=14364, stack(0x000000f8d0b00000,0x000000f8d0c00000) (1024K)]
  0x000002f0548eff90 JavaThread "Monitor Ctrl-Break"         daemon [_thread_in_native, id=2268, stack(0x000000f8d0c00000,0x000000f8d0d00000) (1024K)]
  0x000002f0548f0600 JavaThread "Notification Thread"        daemon [_thread_blocked, id=34252, stack(0x000000f8d0d00000,0x000000f8d0e00000) (1024K)]
  0x000002f055422040 JavaThread "background-preinit"                [_thread_blocked, id=36844, stack(0x000000f8d1400000,0x000000f8d1500000) (1024K)]
  0x000002f05608a480 JavaThread "C2 CompilerThread1"         daemon [_thread_in_vm, id=26248, stack(0x000000f8d1600000,0x000000f8d1700000) (1024K)]
Total: 14

Other Threads:
  0x000002f07d50a950 VMThread "VM Thread"                           [id=30976, stack(0x000000f8d0200000,0x000000f8d0300000) (1024K)]
  0x000002f07d4f4050 WatcherThread "VM Periodic Task Thread"        [id=36128, stack(0x000000f8d0100000,0x000000f8d0200000) (1024K)]
  0x000002f06da83530 WorkerThread "GC Thread#0"                     [id=36996, stack(0x000000f8cfc00000,0x000000f8cfd00000) (1024K)]
  0x000002f0551c9c30 WorkerThread "GC Thread#1"                     [id=33948, stack(0x000000f8d0e00000,0x000000f8d0f00000) (1024K)]
  0x000002f05512afa0 WorkerThread "GC Thread#2"                     [id=23452, stack(0x000000f8d0f00000,0x000000f8d1000000) (1024K)]
  0x000002f05512b350 WorkerThread "GC Thread#3"                     [id=29900, stack(0x000000f8d1000000,0x000000f8d1100000) (1024K)]
  0x000002f05513a180 WorkerThread "GC Thread#4"                     [id=36924, stack(0x000000f8d1100000,0x000000f8d1200000) (1024K)]
  0x000002f05513afc0 WorkerThread "GC Thread#5"                     [id=25676, stack(0x000000f8d1200000,0x000000f8d1300000) (1024K)]
  0x000002f055147390 WorkerThread "GC Thread#6"                     [id=10856, stack(0x000000f8d1300000,0x000000f8d1400000) (1024K)]
  0x000002f05532b320 WorkerThread "GC Thread#7"                     [id=37880, stack(0x000000f8d1500000,0x000000f8d1600000) (1024K)]
  0x000002f06da976f0 ConcurrentGCThread "G1 Main Marker"            [id=15444, stack(0x000000f8cfd00000,0x000000f8cfe00000) (1024K)]
  0x000002f06da988b0 WorkerThread "G1 Conc#0"                       [id=34824, stack(0x000000f8cfe00000,0x000000f8cff00000) (1024K)]
  0x000002f07d3c6430 ConcurrentGCThread "G1 Refine#0"               [id=36728, stack(0x000000f8cff00000,0x000000f8d0000000) (1024K)]
  0x000002f07d3c7c40 ConcurrentGCThread "G1 Service"                [id=36036, stack(0x000000f8d0000000,0x000000f8d0100000) (1024K)]
Total: 14

Threads with active compile tasks:
C2 CompilerThread0  5699 2377       4       java.lang.invoke.MethodType::methodType (69 bytes)
C1 CompilerThread0  5699 2768       3       jdk.internal.classfile.impl.StackCounter::processLdc (183 bytes)
C2 CompilerThread1  5699 2738       4       org.springframework.asm.ClassReader::readUtf (161 bytes)
Total: 3

VM state: not at safepoint (normal execution)

VM Mutex/Monitor currently owned by a thread:  ([mutex/lock_event])
[0x00007ffaf9456858] MethodCompileQueue_lock - owner thread: 0x000002f0540311b0
[0x00007ffaf9457bd8] CodeCache_lock - owner thread: 0x000002f0540311b0
[0x00007ffaf9457d58] Compile_lock - owner thread: 0x000002f0540311b0

Heap address: 0x000000008b800000, size: 1864 MB, Compressed Oops mode: 32-bit

CDS archive(s) mapped at: [0x000002f00f000000-0x000002f00fd70000-0x000002f00fd70000), size 14090240, SharedBaseAddress: 0x000002f00f000000, ArchiveRelocationMode: 1.
Compressed class space mapped at: 0x000002f010000000-0x000002f050000000, reserved size: 1073741824
Narrow klass base: 0x000002f00f000000, Narrow klass shift: 0, Narrow klass range: 0x41000000

GC Precious Log:
 CardTable entry size: 512
 Card Set container configuration: InlinePtr #cards 5 size 8 Array Of Cards #cards 10 size 36 Howl #buckets 4 coarsen threshold 1843 Howl Bitmap #cards 512 size 80 coarsen threshold 460 Card regions per heap region 1 cards per card region 2048
 CPUs: 8 total, 8 available
 Memory: 7455M
 Large Page Support: Disabled
 NUMA Support: Disabled
 Compressed Oops: Enabled (32-bit)
 Heap Region Size: 1M
 Heap Min Capacity: 8M
 Heap Initial Capacity: 118M
 Heap Max Capacity: 1864M
 Pre-touch: Disabled
 Parallel Workers: 8
 Concurrent Workers: 2
 Concurrent Refinement Workers: 8
 Periodic GC: Disabled

Heap:
 garbage-first heap   total reserved 1908736K, committed 120832K, used 41039K [0x000000008b800000, 0x0000000100000000)
  region size 1024K, 32 young (32768K), 2 survivors (2048K)
 Metaspace       used 18476K, committed 18816K, reserved 1114112K
  class space    used 2412K, committed 2560K, reserved 1048576K

Heap Regions: E=young(eden), S=young(survivor), O=old, HS=humongous(starts), HC=humongous(continues), CS=collection set, F=free, TAMS=top-at-mark-start, PB=parsable bottom
|   0|0x000000008b800000, 0x000000008b900000, 0x000000008b900000|100%|HS|  |TAMS 0x000000008b800000| PB 0x000000008b800000| Complete |  0
|   1|0x000000008b900000, 0x000000008ba00000, 0x000000008ba00000|100%|HS|  |TAMS 0x000000008b900000| PB 0x000000008b900000| Complete |  0
|   2|0x000000008ba00000, 0x000000008bb00000, 0x000000008bb00000|100%| O|  |TAMS 0x000000008ba00000| PB 0x000000008ba00000| Untracked |  0
|   3|0x000000008bb00000, 0x000000008bc00000, 0x000000008bc00000|100%| O|  |TAMS 0x000000008bb00000| PB 0x000000008bb00000| Untracked |  0
|   4|0x000000008bc00000, 0x000000008bd00000, 0x000000008bd00000|100%| O|  |TAMS 0x000000008bc00000| PB 0x000000008bc00000| Untracked |  0
|   5|0x000000008bd00000, 0x000000008be00000, 0x000000008be00000|100%| O|  |TAMS 0x000000008bd00000| PB 0x000000008bd00000| Untracked |  0
|   6|0x000000008be00000, 0x000000008bf00000, 0x000000008bf00000|100%| O|  |TAMS 0x000000008be00000| PB 0x000000008be00000| Untracked |  0
|   7|0x000000008bf00000, 0x000000008c000000, 0x000000008c000000|100%| O|  |TAMS 0x000000008bf00000| PB 0x000000008bf00000| Untracked |  0
|   8|0x000000008c000000, 0x000000008c100000, 0x000000008c100000|100%| O|  |TAMS 0x000000008c000000| PB 0x000000008c000000| Untracked |  0
|   9|0x000000008c100000, 0x000000008c200000, 0x000000008c200000|100%| O|  |TAMS 0x000000008c100000| PB 0x000000008c100000| Untracked |  0
|  10|0x000000008c200000, 0x000000008c21bb68, 0x000000008c300000| 10%| O|  |TAMS 0x000000008c200000| PB 0x000000008c200000| Untracked |  0
|  11|0x000000008c300000, 0x000000008c300000, 0x000000008c400000|  0%| F|  |TAMS 0x000000008c300000| PB 0x000000008c300000| Untracked |  0
|  12|0x000000008c400000, 0x000000008c400000, 0x000000008c500000|  0%| F|  |TAMS 0x000000008c400000| PB 0x000000008c400000| Untracked |  0
|  13|0x000000008c500000, 0x000000008c500000, 0x000000008c600000|  0%| F|  |TAMS 0x000000008c500000| PB 0x000000008c500000| Untracked |  0
|  14|0x000000008c600000, 0x000000008c600000, 0x000000008c700000|  0%| F|  |TAMS 0x000000008c600000| PB 0x000000008c600000| Untracked |  0
|  15|0x000000008c700000, 0x000000008c700000, 0x000000008c800000|  0%| F|  |TAMS 0x000000008c700000| PB 0x000000008c700000| Untracked |  0
|  16|0x000000008c800000, 0x000000008c800000, 0x000000008c900000|  0%| F|  |TAMS 0x000000008c800000| PB 0x000000008c800000| Untracked |  0
|  17|0x000000008c900000, 0x000000008c900000, 0x000000008ca00000|  0%| F|  |TAMS 0x000000008c900000| PB 0x000000008c900000| Untracked |  0
|  18|0x000000008ca00000, 0x000000008ca00000, 0x000000008cb00000|  0%| F|  |TAMS 0x000000008ca00000| PB 0x000000008ca00000| Untracked |  0
|  19|0x000000008cb00000, 0x000000008cb00000, 0x000000008cc00000|  0%| F|  |TAMS 0x000000008cb00000| PB 0x000000008cb00000| Untracked |  0
|  20|0x000000008cc00000, 0x000000008cc00000, 0x000000008cd00000|  0%| F|  |TAMS 0x000000008cc00000| PB 0x000000008cc00000| Untracked |  0
|  21|0x000000008cd00000, 0x000000008cd00000, 0x000000008ce00000|  0%| F|  |TAMS 0x000000008cd00000| PB 0x000000008cd00000| Untracked |  0
|  22|0x000000008ce00000, 0x000000008ce00000, 0x000000008cf00000|  0%| F|  |TAMS 0x000000008ce00000| PB 0x000000008ce00000| Untracked |  0
|  23|0x000000008cf00000, 0x000000008cf00000, 0x000000008d000000|  0%| F|  |TAMS 0x000000008cf00000| PB 0x000000008cf00000| Untracked |  0
|  24|0x000000008d000000, 0x000000008d000000, 0x000000008d100000|  0%| F|  |TAMS 0x000000008d000000| PB 0x000000008d000000| Untracked |  0
|  25|0x000000008d100000, 0x000000008d100000, 0x000000008d200000|  0%| F|  |TAMS 0x000000008d100000| PB 0x000000008d100000| Untracked |  0
|  26|0x000000008d200000, 0x000000008d200000, 0x000000008d300000|  0%| F|  |TAMS 0x000000008d200000| PB 0x000000008d200000| Untracked |  0
|  27|0x000000008d300000, 0x000000008d300000, 0x000000008d400000|  0%| F|  |TAMS 0x000000008d300000| PB 0x000000008d300000| Untracked |  0
|  28|0x000000008d400000, 0x000000008d400000, 0x000000008d500000|  0%| F|  |TAMS 0x000000008d400000| PB 0x000000008d400000| Untracked |  0
|  29|0x000000008d500000, 0x000000008d500000, 0x000000008d600000|  0%| F|  |TAMS 0x000000008d500000| PB 0x000000008d500000| Untracked |  0
|  30|0x000000008d600000, 0x000000008d600000, 0x000000008d700000|  0%| F|  |TAMS 0x000000008d600000| PB 0x000000008d600000| Untracked |  0
|  31|0x000000008d700000, 0x000000008d700000, 0x000000008d800000|  0%| F|  |TAMS 0x000000008d700000| PB 0x000000008d700000| Untracked |  0
|  32|0x000000008d800000, 0x000000008d800000, 0x000000008d900000|  0%| F|  |TAMS 0x000000008d800000| PB 0x000000008d800000| Untracked |  0
|  33|0x000000008d900000, 0x000000008d900000, 0x000000008da00000|  0%| F|  |TAMS 0x000000008d900000| PB 0x000000008d900000| Untracked |  0
|  34|0x000000008da00000, 0x000000008da00000, 0x000000008db00000|  0%| F|  |TAMS 0x000000008da00000| PB 0x000000008da00000| Untracked |  0
|  35|0x000000008db00000, 0x000000008db00000, 0x000000008dc00000|  0%| F|  |TAMS 0x000000008db00000| PB 0x000000008db00000| Untracked |  0
|  36|0x000000008dc00000, 0x000000008dc00000, 0x000000008dd00000|  0%| F|  |TAMS 0x000000008dc00000| PB 0x000000008dc00000| Untracked |  0
|  37|0x000000008dd00000, 0x000000008dd00000, 0x000000008de00000|  0%| F|  |TAMS 0x000000008dd00000| PB 0x000000008dd00000| Untracked |  0
|  38|0x000000008de00000, 0x000000008de00000, 0x000000008df00000|  0%| F|  |TAMS 0x000000008de00000| PB 0x000000008de00000| Untracked |  0
|  39|0x000000008df00000, 0x000000008df00000, 0x000000008e000000|  0%| F|  |TAMS 0x000000008df00000| PB 0x000000008df00000| Untracked |  0
|  40|0x000000008e000000, 0x000000008e000000, 0x000000008e100000|  0%| F|  |TAMS 0x000000008e000000| PB 0x000000008e000000| Untracked |  0
|  41|0x000000008e100000, 0x000000008e100000, 0x000000008e200000|  0%| F|  |TAMS 0x000000008e100000| PB 0x000000008e100000| Untracked |  0
|  42|0x000000008e200000, 0x000000008e200000, 0x000000008e300000|  0%| F|  |TAMS 0x000000008e200000| PB 0x000000008e200000| Untracked |  0
|  43|0x000000008e300000, 0x000000008e300000, 0x000000008e400000|  0%| F|  |TAMS 0x000000008e300000| PB 0x000000008e300000| Untracked |  0
|  44|0x000000008e400000, 0x000000008e400000, 0x000000008e500000|  0%| F|  |TAMS 0x000000008e400000| PB 0x000000008e400000| Untracked |  0
|  45|0x000000008e500000, 0x000000008e500000, 0x000000008e600000|  0%| F|  |TAMS 0x000000008e500000| PB 0x000000008e500000| Untracked |  0
|  46|0x000000008e600000, 0x000000008e600000, 0x000000008e700000|  0%| F|  |TAMS 0x000000008e600000| PB 0x000000008e600000| Untracked |  0
|  47|0x000000008e700000, 0x000000008e700000, 0x000000008e800000|  0%| F|  |TAMS 0x000000008e700000| PB 0x000000008e700000| Untracked |  0
|  48|0x000000008e800000, 0x000000008e800000, 0x000000008e900000|  0%| F|  |TAMS 0x000000008e800000| PB 0x000000008e800000| Untracked |  0
|  49|0x000000008e900000, 0x000000008e900000, 0x000000008ea00000|  0%| F|  |TAMS 0x000000008e900000| PB 0x000000008e900000| Untracked |  0
|  50|0x000000008ea00000, 0x000000008ea00000, 0x000000008eb00000|  0%| F|  |TAMS 0x000000008ea00000| PB 0x000000008ea00000| Untracked |  0
|  51|0x000000008eb00000, 0x000000008eb00000, 0x000000008ec00000|  0%| F|  |TAMS 0x000000008eb00000| PB 0x000000008eb00000| Untracked |  0
|  52|0x000000008ec00000, 0x000000008ec00000, 0x000000008ed00000|  0%| F|  |TAMS 0x000000008ec00000| PB 0x000000008ec00000| Untracked |  0
|  53|0x000000008ed00000, 0x000000008ed00000, 0x000000008ee00000|  0%| F|  |TAMS 0x000000008ed00000| PB 0x000000008ed00000| Untracked |  0
|  54|0x000000008ee00000, 0x000000008ee00000, 0x000000008ef00000|  0%| F|  |TAMS 0x000000008ee00000| PB 0x000000008ee00000| Untracked |  0
|  55|0x000000008ef00000, 0x000000008ef00000, 0x000000008f000000|  0%| F|  |TAMS 0x000000008ef00000| PB 0x000000008ef00000| Untracked |  0
|  56|0x000000008f000000, 0x000000008f000000, 0x000000008f100000|  0%| F|  |TAMS 0x000000008f000000| PB 0x000000008f000000| Untracked |  0
|  57|0x000000008f100000, 0x000000008f100000, 0x000000008f200000|  0%| F|  |TAMS 0x000000008f100000| PB 0x000000008f100000| Untracked |  0
|  58|0x000000008f200000, 0x000000008f200000, 0x000000008f300000|  0%| F|  |TAMS 0x000000008f200000| PB 0x000000008f200000| Untracked |  0
|  59|0x000000008f300000, 0x000000008f300000, 0x000000008f400000|  0%| F|  |TAMS 0x000000008f300000| PB 0x000000008f300000| Untracked |  0
|  60|0x000000008f400000, 0x000000008f400000, 0x000000008f500000|  0%| F|  |TAMS 0x000000008f400000| PB 0x000000008f400000| Untracked |  0
|  61|0x000000008f500000, 0x000000008f500000, 0x000000008f600000|  0%| F|  |TAMS 0x000000008f500000| PB 0x000000008f500000| Untracked |  0
|  62|0x000000008f600000, 0x000000008f600000, 0x000000008f700000|  0%| F|  |TAMS 0x000000008f600000| PB 0x000000008f600000| Untracked |  0
|  63|0x000000008f700000, 0x000000008f700000, 0x000000008f800000|  0%| F|  |TAMS 0x000000008f700000| PB 0x000000008f700000| Untracked |  0
|  64|0x000000008f800000, 0x000000008f800000, 0x000000008f900000|  0%| F|  |TAMS 0x000000008f800000| PB 0x000000008f800000| Untracked |  0
|  65|0x000000008f900000, 0x000000008f900000, 0x000000008fa00000|  0%| F|  |TAMS 0x000000008f900000| PB 0x000000008f900000| Untracked |  0
|  66|0x000000008fa00000, 0x000000008fa00000, 0x000000008fb00000|  0%| F|  |TAMS 0x000000008fa00000| PB 0x000000008fa00000| Untracked |  0
|  67|0x000000008fb00000, 0x000000008fb00000, 0x000000008fc00000|  0%| F|  |TAMS 0x000000008fb00000| PB 0x000000008fb00000| Untracked |  0
|  68|0x000000008fc00000, 0x000000008fc00000, 0x000000008fd00000|  0%| F|  |TAMS 0x000000008fc00000| PB 0x000000008fc00000| Untracked |  0
|  69|0x000000008fd00000, 0x000000008fd00000, 0x000000008fe00000|  0%| F|  |TAMS 0x000000008fd00000| PB 0x000000008fd00000| Untracked |  0
|  70|0x000000008fe00000, 0x000000008fe00000, 0x000000008ff00000|  0%| F|  |TAMS 0x000000008fe00000| PB 0x000000008fe00000| Untracked |  0
|  71|0x000000008ff00000, 0x000000008ff00000, 0x0000000090000000|  0%| F|  |TAMS 0x000000008ff00000| PB 0x000000008ff00000| Untracked |  0
|  72|0x0000000090000000, 0x0000000090000000, 0x0000000090100000|  0%| F|  |TAMS 0x0000000090000000| PB 0x0000000090000000| Untracked |  0
|  73|0x0000000090100000, 0x0000000090100000, 0x0000000090200000|  0%| F|  |TAMS 0x0000000090100000| PB 0x0000000090100000| Untracked |  0
|  74|0x0000000090200000, 0x0000000090200000, 0x0000000090300000|  0%| F|  |TAMS 0x0000000090200000| PB 0x0000000090200000| Untracked |  0
|  75|0x0000000090300000, 0x0000000090300000, 0x0000000090400000|  0%| F|  |TAMS 0x0000000090300000| PB 0x0000000090300000| Untracked |  0
|  76|0x0000000090400000, 0x0000000090400000, 0x0000000090500000|  0%| F|  |TAMS 0x0000000090400000| PB 0x0000000090400000| Untracked |  0
|  77|0x0000000090500000, 0x0000000090500000, 0x0000000090600000|  0%| F|  |TAMS 0x0000000090500000| PB 0x0000000090500000| Untracked |  0
|  78|0x0000000090600000, 0x0000000090600000, 0x0000000090700000|  0%| F|  |TAMS 0x0000000090600000| PB 0x0000000090600000| Untracked |  0
|  79|0x0000000090700000, 0x0000000090700000, 0x0000000090800000|  0%| F|  |TAMS 0x0000000090700000| PB 0x0000000090700000| Untracked |  0
|  80|0x0000000090800000, 0x0000000090800000, 0x0000000090900000|  0%| F|  |TAMS 0x0000000090800000| PB 0x0000000090800000| Untracked |  0
|  81|0x0000000090900000, 0x0000000090900000, 0x0000000090a00000|  0%| F|  |TAMS 0x0000000090900000| PB 0x0000000090900000| Untracked |  0
|  82|0x0000000090a00000, 0x0000000090a00000, 0x0000000090b00000|  0%| F|  |TAMS 0x0000000090a00000| PB 0x0000000090a00000| Untracked |  0
|  83|0x0000000090b00000, 0x0000000090b00000, 0x0000000090c00000|  0%| F|  |TAMS 0x0000000090b00000| PB 0x0000000090b00000| Untracked |  0
|  84|0x0000000090c00000, 0x0000000090c00000, 0x0000000090d00000|  0%| F|  |TAMS 0x0000000090c00000| PB 0x0000000090c00000| Untracked |  0
|  85|0x0000000090d00000, 0x0000000090d00000, 0x0000000090e00000|  0%| F|  |TAMS 0x0000000090d00000| PB 0x0000000090d00000| Untracked |  0
|  86|0x0000000090e00000, 0x0000000090eeda50, 0x0000000090f00000| 92%| E|  |TAMS 0x0000000090e00000| PB 0x0000000090e00000| Complete |  0
|  87|0x0000000090f00000, 0x0000000091000000, 0x0000000091000000|100%| E|CS|TAMS 0x0000000090f00000| PB 0x0000000090f00000| Complete |  0
|  88|0x0000000091000000, 0x0000000091100000, 0x0000000091100000|100%| E|CS|TAMS 0x0000000091000000| PB 0x0000000091000000| Complete |  0
|  89|0x0000000091100000, 0x0000000091200000, 0x0000000091200000|100%| E|  |TAMS 0x0000000091100000| PB 0x0000000091100000| Complete |  0
|  90|0x0000000091200000, 0x0000000091300000, 0x0000000091300000|100%| E|CS|TAMS 0x0000000091200000| PB 0x0000000091200000| Complete |  0
|  91|0x0000000091300000, 0x0000000091400000, 0x0000000091400000|100%| E|CS|TAMS 0x0000000091300000| PB 0x0000000091300000| Complete |  0
|  92|0x0000000091400000, 0x0000000091500000, 0x0000000091500000|100%| E|CS|TAMS 0x0000000091400000| PB 0x0000000091400000| Complete |  0
|  93|0x0000000091500000, 0x0000000091600000, 0x0000000091600000|100%| E|CS|TAMS 0x0000000091500000| PB 0x0000000091500000| Complete |  0
|  94|0x0000000091600000, 0x0000000091700000, 0x0000000091700000|100%| E|CS|TAMS 0x0000000091600000| PB 0x0000000091600000| Complete |  0
|  95|0x0000000091700000, 0x0000000091800000, 0x0000000091800000|100%| E|CS|TAMS 0x0000000091700000| PB 0x0000000091700000| Complete |  0
|  96|0x0000000091800000, 0x00000000918f8280, 0x0000000091900000| 96%| S|CS|TAMS 0x0000000091800000| PB 0x0000000091800000| Complete |  0
|  97|0x0000000091900000, 0x0000000091a00000, 0x0000000091a00000|100%| S|CS|TAMS 0x0000000091900000| PB 0x0000000091900000| Complete |  0
|  98|0x0000000091a00000, 0x0000000091b00000, 0x0000000091b00000|100%| E|CS|TAMS 0x0000000091a00000| PB 0x0000000091a00000| Complete |  0
|  99|0x0000000091b00000, 0x0000000091c00000, 0x0000000091c00000|100%| E|CS|TAMS 0x0000000091b00000| PB 0x0000000091b00000| Complete |  0
| 100|0x0000000091c00000, 0x0000000091d00000, 0x0000000091d00000|100%| E|CS|TAMS 0x0000000091c00000| PB 0x0000000091c00000| Complete |  0
| 101|0x0000000091d00000, 0x0000000091e00000, 0x0000000091e00000|100%| E|CS|TAMS 0x0000000091d00000| PB 0x0000000091d00000| Complete |  0
| 102|0x0000000091e00000, 0x0000000091f00000, 0x0000000091f00000|100%| E|CS|TAMS 0x0000000091e00000| PB 0x0000000091e00000| Complete |  0
| 103|0x0000000091f00000, 0x0000000092000000, 0x0000000092000000|100%| E|CS|TAMS 0x0000000091f00000| PB 0x0000000091f00000| Complete |  0
| 104|0x0000000092000000, 0x0000000092100000, 0x0000000092100000|100%| E|CS|TAMS 0x0000000092000000| PB 0x0000000092000000| Complete |  0
| 105|0x0000000092100000, 0x0000000092200000, 0x0000000092200000|100%| E|CS|TAMS 0x0000000092100000| PB 0x0000000092100000| Complete |  0
| 106|0x0000000092200000, 0x0000000092300000, 0x0000000092300000|100%| E|CS|TAMS 0x0000000092200000| PB 0x0000000092200000| Complete |  0
| 107|0x0000000092300000, 0x0000000092400000, 0x0000000092400000|100%| E|CS|TAMS 0x0000000092300000| PB 0x0000000092300000| Complete |  0
| 108|0x0000000092400000, 0x0000000092500000, 0x0000000092500000|100%| E|CS|TAMS 0x0000000092400000| PB 0x0000000092400000| Complete |  0
| 109|0x0000000092500000, 0x0000000092600000, 0x0000000092600000|100%| E|CS|TAMS 0x0000000092500000| PB 0x0000000092500000| Complete |  0
| 110|0x0000000092600000, 0x0000000092700000, 0x0000000092700000|100%| E|CS|TAMS 0x0000000092600000| PB 0x0000000092600000| Complete |  0
| 111|0x0000000092700000, 0x0000000092800000, 0x0000000092800000|100%| E|CS|TAMS 0x0000000092700000| PB 0x0000000092700000| Complete |  0
| 112|0x0000000092800000, 0x0000000092900000, 0x0000000092900000|100%| E|CS|TAMS 0x0000000092800000| PB 0x0000000092800000| Complete |  0
| 113|0x0000000092900000, 0x0000000092a00000, 0x0000000092a00000|100%| E|CS|TAMS 0x0000000092900000| PB 0x0000000092900000| Complete |  0
| 114|0x0000000092a00000, 0x0000000092b00000, 0x0000000092b00000|100%| E|CS|TAMS 0x0000000092a00000| PB 0x0000000092a00000| Complete |  0
| 115|0x0000000092b00000, 0x0000000092c00000, 0x0000000092c00000|100%| E|CS|TAMS 0x0000000092b00000| PB 0x0000000092b00000| Complete |  0
| 116|0x0000000092c00000, 0x0000000092d00000, 0x0000000092d00000|100%| E|CS|TAMS 0x0000000092c00000| PB 0x0000000092c00000| Complete |  0
| 117|0x0000000092d00000, 0x0000000092e00000, 0x0000000092e00000|100%| E|CS|TAMS 0x0000000092d00000| PB 0x0000000092d00000| Complete |  0

Card table byte_map: [0x000002f078a00000,0x000002f078db0000] _byte_map_base: 0x000002f0785a4000

Marking Bits: (CMBitMap*) 0x000002f06da83b50
 Bits: [0x000002f078db0000, 0x000002f07aad0000)

Polling page: 0x000002f06d6f0000

Metaspace:

Usage:
  Non-class:     15.69 MB used.
      Class:      2.36 MB used.
       Both:     18.04 MB used.

Virtual space:
  Non-class space:       64.00 MB reserved,      15.88 MB ( 25%) committed,  1 nodes.
      Class space:        1.00 GB reserved,       2.50 MB ( <1%) committed,  1 nodes.
             Both:        1.06 GB reserved,      18.38 MB (  2%) committed. 

Chunk freelists:
   Non-Class:  15.39 MB
       Class:  13.50 MB
        Both:  28.89 MB

MaxMetaspaceSize: unlimited
CompressedClassSpaceSize: 1.00 GB
Initial GC threshold: 21.00 MB
Current GC threshold: 21.00 MB
CDS: on
 - commit_granule_bytes: 65536.
 - commit_granule_words: 8192.
 - virtual_space_node_default_size: 8388608.
 - enlarge_chunks_in_place: 1.
 - use_allocation_guard: 0.


Internal statistics:

num_allocs_failed_limit: 0.
num_arena_births: 422.
num_arena_deaths: 0.
num_vsnodes_births: 2.
num_vsnodes_deaths: 0.
num_space_committed: 294.
num_space_uncommitted: 0.
num_chunks_returned_to_freelist: 0.
num_chunks_taken_from_freelist: 1056.
num_chunk_merges: 0.
num_chunk_splits: 702.
num_chunks_enlarged: 479.
num_inconsistent_stats: 0.

CodeHeap 'non-profiled nmethods': size=120064Kb used=810Kb max_used=810Kb free=119253Kb
 bounds [0x000002f007ac0000, 0x000002f007d30000, 0x000002f00f000000]
CodeHeap 'profiled nmethods': size=120000Kb used=4029Kb max_used=4029Kb free=115970Kb
 bounds [0x000002f000000000, 0x000002f0003f0000, 0x000002f007530000]
CodeHeap 'non-nmethods': size=5696Kb used=1455Kb max_used=1479Kb free=4240Kb
 bounds [0x000002f007530000, 0x000002f0077a0000, 0x000002f007ac0000]
CodeCache: size=245760Kb, used=6294Kb, max_used=6318Kb, free=239463Kb
 total_blobs=3311, nmethods=2762, adapters=454, full_count=0
Compilation: enabled, stopped_count=0, restarted_count=0

Compilation events (20 events):
Event: 4.533 Thread 0x000002f0540311b0 2666       3       org.springframework.asm.ClassReader::readInt (52 bytes)
Event: 4.534 Thread 0x000002f0540311b0 nmethod 2666 0x000002f0003c2008 code [0x000002f0003c2120, 0x000002f0003c22f8]
Event: 4.537 Thread 0x000002f055e5e230 2667       4       org.springframework.asm.ClassReader::readUnsignedShort (26 bytes)
Event: 4.537 Thread 0x000002f055e5e230 nmethod 2667 0x000002f007b83288 code [0x000002f007b83380, 0x000002f007b83478]
Event: 4.551 Thread 0x000002f0540311b0 2669   !   3       sun.reflect.annotation.AnnotationParser::parseAnnotation2 (275 bytes)
Event: 4.553 Thread 0x000002f0540311b0 nmethod 2669 0x000002f0003c2388 code [0x000002f0003c2740, 0x000002f0003c4390]
Event: 4.553 Thread 0x000002f0540311b0 2670       3       org.springframework.util.ConcurrentReferenceHashMap$Segment$$Lambda/0x000002f0100810c0::<init> (32 bytes)
Event: 4.553 Thread 0x000002f0540311b0 nmethod 2670 0x000002f0003c4488 code [0x000002f0003c45a0, 0x000002f0003c4820]
Event: 4.553 Thread 0x000002f0540311b0 2671       3       org.springframework.util.ConcurrentReferenceHashMap$Segment::lambda$doTask$0 (43 bytes)
Event: 4.554 Thread 0x000002f0540311b0 nmethod 2671 0x000002f0003c4888 code [0x000002f0003c49e0, 0x000002f0003c4f00]
Event: 4.554 Thread 0x000002f0540311b0 2672       3       org.springframework.util.ConcurrentReferenceHashMap$Entry::<init> (15 bytes)
Event: 4.554 Thread 0x000002f0540311b0 nmethod 2672 0x000002f0003c4f88 code [0x000002f0003c50a0, 0x000002f0003c52c8]
Event: 4.556 Thread 0x000002f0540311b0 2673       3       java.lang.reflect.Method::getRoot (5 bytes)
Event: 4.556 Thread 0x000002f0540311b0 nmethod 2673 0x000002f0003c5308 code [0x000002f0003c5420, 0x000002f0003c5540]
Event: 4.558 Thread 0x000002f0540311b0 2674       3       java.lang.reflect.Executable::getDeclaredAnnotations (8 bytes)
Event: 4.559 Thread 0x000002f0540311b0 nmethod 2674 0x000002f0003c5608 code [0x000002f0003c5760, 0x000002f0003c5b88]
Event: 4.560 Thread 0x000002f0540311b0 2675       3       java.lang.reflect.Method::getDeclaredAnnotations (5 bytes)
Event: 4.560 Thread 0x000002f0540311b0 nmethod 2675 0x000002f0003c5c08 code [0x000002f0003c5d60, 0x000002f0003c61e8]
Event: 4.561 Thread 0x000002f0540311b0 2676       3       org.springframework.util.ConcurrentReferenceHashMap$Segment$$Lambda/0x000002f0100810c0::add (25 bytes)
Event: 4.562 Thread 0x000002f0540311b0 nmethod 2676 0x000002f0003c6208 code [0x000002f0003c6320, 0x000002f0003c6478]

GC Heap History (4 events):
Event: 2.207 GC heap before
{Heap before GC invocations=0 (full 0):
 garbage-first heap   total reserved 1908736K, committed 120832K, used 25600K [0x000000008b800000, 0x0000000100000000)
  region size 1024K, 24 young (24576K), 0 survivors (0K)
 Metaspace       used 5732K, committed 5952K, reserved 1114112K
  class space    used 679K, committed 768K, reserved 1048576K
}
Event: 2.226 GC heap after
{Heap after GC invocations=1 (full 0):
 garbage-first heap   total reserved 1908736K, committed 120832K, used 10240K [0x000000008b800000, 0x0000000100000000)
  region size 1024K, 3 young (3072K), 3 survivors (3072K)
 Metaspace       used 5732K, committed 5952K, reserved 1114112K
  class space    used 679K, committed 768K, reserved 1048576K
}
Event: 3.515 GC heap before
{Heap before GC invocations=1 (full 0):
 garbage-first heap   total reserved 1908736K, committed 120832K, used 30720K [0x000000008b800000, 0x0000000100000000)
  region size 1024K, 23 young (23552K), 3 survivors (3072K)
 Metaspace       used 11431K, committed 11776K, reserved 1114112K
  class space    used 1478K, committed 1600K, reserved 1048576K
}
Event: 3.522 GC heap after
{Heap after GC invocations=2 (full 0):
 garbage-first heap   total reserved 1908736K, committed 120832K, used 12367K [0x000000008b800000, 0x0000000100000000)
  region size 1024K, 2 young (2048K), 2 survivors (2048K)
 Metaspace       used 11431K, committed 11776K, reserved 1114112K
  class space    used 1478K, committed 1600K, reserved 1048576K
}

Dll operation events (10 events):
Event: 0.047 Loaded shared library C:\Users\lobin\.jdks\corretto-23.0.2\bin\java.dll
Event: 0.138 Loaded shared library C:\Users\lobin\.jdks\corretto-23.0.2\bin\jsvml.dll
Event: 0.530 Loaded shared library C:\Users\lobin\.jdks\corretto-23.0.2\bin\zip.dll
Event: 0.537 Loaded shared library C:\Users\lobin\.jdks\corretto-23.0.2\bin\instrument.dll
Event: 0.547 Loaded shared library C:\Users\lobin\.jdks\corretto-23.0.2\bin\net.dll
Event: 0.551 Loaded shared library C:\Users\lobin\.jdks\corretto-23.0.2\bin\nio.dll
Event: 0.557 Loaded shared library C:\Users\lobin\.jdks\corretto-23.0.2\bin\zip.dll
Event: 1.030 Loaded shared library C:\Program Files\JetBrains\IntelliJ IDEA Community Edition 2024.2.6\bin\breakgen64.dll
Event: 1.051 Loaded shared library C:\Users\lobin\.jdks\corretto-23.0.2\bin\extnet.dll
Event: 1.106 Loaded shared library C:\Users\lobin\.jdks\corretto-23.0.2\bin\jimage.dll

Deoptimization events (20 events):
Event: 4.204 Thread 0x000002f06da30700 Uncommon trap: trap_request=0xffffff45 fr.pc=0x000002f007af6268 relative=0x0000000000000628
Event: 4.204 Thread 0x000002f06da30700 Uncommon trap: reason=unstable_if action=reinterpret pc=0x000002f007af6268 method=java.util.zip.ZipCoder.hash(Ljava/lang/String;)I @ 23 c2
Event: 4.204 Thread 0x000002f06da30700 DEOPT PACKING pc=0x000002f007af6268 sp=0x000000f8cfbfe490
Event: 4.204 Thread 0x000002f06da30700 DEOPT UNPACKING pc=0x000002f007584402 sp=0x000000f8cfbfe3b0 mode 2
Event: 4.204 Thread 0x000002f06da30700 Uncommon trap: trap_request=0xffffff45 fr.pc=0x000002f007af2fa4 relative=0x0000000000000344
Event: 4.204 Thread 0x000002f06da30700 Uncommon trap: reason=unstable_if action=reinterpret pc=0x000002f007af2fa4 method=java.util.zip.ZipCoder.hash(Ljava/lang/String;)I @ 23 c2
Event: 4.204 Thread 0x000002f06da30700 DEOPT PACKING pc=0x000002f007af2fa4 sp=0x000000f8cfbfe420
Event: 4.204 Thread 0x000002f06da30700 DEOPT UNPACKING pc=0x000002f007584402 sp=0x000000f8cfbfe3a8 mode 2
Event: 4.209 Thread 0x000002f06da30700 Uncommon trap: trap_request=0xffffff45 fr.pc=0x000002f007adbdcc relative=0x000000000000004c
Event: 4.209 Thread 0x000002f06da30700 Uncommon trap: reason=unstable_if action=reinterpret pc=0x000002f007adbdcc method=sun.nio.fs.WindowsPathParser.isSlash(C)Z @ 9 c2
Event: 4.209 Thread 0x000002f06da30700 DEOPT PACKING pc=0x000002f007adbdcc sp=0x000000f8cfbfe5f0
Event: 4.209 Thread 0x000002f06da30700 DEOPT UNPACKING pc=0x000002f007584402 sp=0x000000f8cfbfe578 mode 2
Event: 4.462 Thread 0x000002f055422040 Uncommon trap: trap_request=0xffffff45 fr.pc=0x000002f007adabb4 relative=0x0000000000000474
Event: 4.462 Thread 0x000002f055422040 Uncommon trap: reason=unstable_if action=reinterpret pc=0x000002f007adabb4 method=java.lang.StringLatin1.canEncode(C)Z @ 4 c2
Event: 4.462 Thread 0x000002f055422040 DEOPT PACKING pc=0x000002f007adabb4 sp=0x000000f8d14fd7d0
Event: 4.462 Thread 0x000002f055422040 DEOPT UNPACKING pc=0x000002f007584402 sp=0x000000f8d14fd700 mode 2
Event: 4.462 Thread 0x000002f055422040 Uncommon trap: trap_request=0xffffff45 fr.pc=0x000002f007ada39c relative=0x000000000000045c
Event: 4.462 Thread 0x000002f055422040 Uncommon trap: reason=unstable_if action=reinterpret pc=0x000002f007ada39c method=java.lang.AbstractStringBuilder.isLatin1()Z @ 10 c2
Event: 4.462 Thread 0x000002f055422040 DEOPT PACKING pc=0x000002f007ada39c sp=0x000000f8d14fd7e0
Event: 4.462 Thread 0x000002f055422040 DEOPT UNPACKING pc=0x000002f007584402 sp=0x000000f8d14fd770 mode 2

Classes loaded (20 events):
Event: 4.352 Loading class sun/nio/ch/IOStatus
Event: 4.353 Loading class sun/nio/ch/IOStatus done
Event: 4.388 Loading class java/lang/reflect/MalformedParametersException
Event: 4.389 Loading class java/lang/reflect/MalformedParametersException done
Event: 4.403 Loading class java/beans/Transient
Event: 4.403 Loading class java/beans/Transient done
Event: 4.403 Loading class java/beans/ConstructorProperties
Event: 4.404 Loading class java/beans/ConstructorProperties done
Event: 4.415 Loading class java/util/concurrent/atomic/AtomicLongArray
Event: 4.415 Loading class java/util/concurrent/atomic/AtomicLongArray done
Event: 4.416 Loading class java/lang/invoke/VarHandleLongs$Array
Event: 4.416 Loading class java/lang/invoke/VarHandleLongs$Array done
Event: 4.417 Loading class java/util/concurrent/atomic/AtomicReferenceArray
Event: 4.417 Loading class java/util/concurrent/atomic/AtomicReferenceArray done
Event: 4.417 Loading class java/lang/invoke/VarHandleReferences$Array
Event: 4.418 Loading class java/lang/invoke/VarHandleReferences$Array done
Event: 4.459 Loading class sun/text/resources/cldr/FormatData_en
Event: 4.460 Loading class sun/text/resources/cldr/FormatData_en done
Event: 4.461 Loading class sun/text/resources/cldr/FormatData_en_US
Event: 4.461 Loading class sun/text/resources/cldr/FormatData_en_US done

Classes unloaded (0 events):
No events

Classes redefined (0 events):
No events

Internal exceptions (20 events):
Event: 2.769 Thread 0x000002f06da30700 Exception <a 'java/lang/NoSuchMethodError'{0x00000000925ebd30}: 'int java.lang.invoke.DirectMethodHandle$Holder.invokeStaticInit(java.lang.Object, float, float)'> (0x00000000925ebd30) 
thrown [s\src\hotspot\share\interpreter\linkResolver.cpp, line 796]
Event: 2.770 Thread 0x000002f06da30700 Exception <a 'java/lang/NoSuchMethodError'{0x00000000925f27d0}: 'int java.lang.invoke.DirectMethodHandle$Holder.invokeStaticInit(java.lang.Object, double, double)'> (0x00000000925f27d0) 
thrown [s\src\hotspot\share\interpreter\linkResolver.cpp, line 796]
Event: 2.771 Thread 0x000002f06da30700 Exception <a 'java/lang/NoSuchMethodError'{0x00000000925f6d40}: 'int java.lang.invoke.DirectMethodHandle$Holder.invokeStatic(java.lang.Object, long)'> (0x00000000925f6d40) 
thrown [s\src\hotspot\share\interpreter\linkResolver.cpp, line 796]
Event: 2.781 Thread 0x000002f06da30700 Exception <a 'java/lang/NoSuchMethodError'{0x0000000092419788}: 'int java.lang.invoke.Invokers$Holder.linkToTargetMethod(java.lang.Object, java.lang.Object)'> (0x0000000092419788) 
thrown [s\src\hotspot\share\interpreter\linkResolver.cpp, line 796]
Event: 2.830 Thread 0x000002f06da30700 Exception <a 'java/lang/NoSuchMethodError'{0x000000009249e6d8}: 'java.lang.Object java.lang.invoke.DirectMethodHandle$Holder.invokeSpecial(java.lang.Object, java.lang.Object, java.lang.Object, int, java.lang.Object)'> (0x000000009249e6d8) 
thrown [s\src\hotspot\share\interpreter\linkResolver.cpp, line 796]
Event: 2.831 Thread 0x000002f06da30700 Exception <a 'java/lang/NoSuchMethodError'{0x00000000924a61e0}: 'java.lang.Object java.lang.invoke.DirectMethodHandle$Holder.newInvokeSpecial(java.lang.Object, java.lang.Object, java.lang.Object, int, java.lang.Object)'> (0x00000000924a61e0) 
thrown [s\src\hotspot\share\interpreter\linkResolver.cpp, line 796]
Event: 2.832 Thread 0x000002f06da30700 Exception <a 'java/lang/NoSuchMethodError'{0x00000000924ad7b8}: 'java.lang.Object java.lang.invoke.Invokers$Holder.linkToTargetMethod(java.lang.Object, java.lang.Object, int, java.lang.Object, java.lang.Object)'> (0x00000000924ad7b8) 
thrown [s\src\hotspot\share\interpreter\linkResolver.cpp, line 796]
Event: 2.834 Thread 0x000002f06da30700 Exception <a 'java/lang/NoSuchMethodError'{0x00000000924b5708}: 'int java.lang.invoke.DirectMethodHandle$Holder.invokeStatic(java.lang.Object, int, java.lang.Object, java.lang.Object)'> (0x00000000924b5708) 
thrown [s\src\hotspot\share\interpreter\linkResolver.cpp, line 796]
Event: 2.835 Thread 0x000002f06da30700 Exception <a 'java/lang/NoSuchMethodError'{0x00000000924bc700}: 'java.lang.Object java.lang.invoke.DirectMethodHandle$Holder.newInvokeSpecial(java.lang.Object, int, java.lang.Object)'> (0x00000000924bc700) 
thrown [s\src\hotspot\share\interpreter\linkResolver.cpp, line 796]
Event: 2.836 Thread 0x000002f06da30700 Exception <a 'java/lang/NoSuchMethodError'{0x00000000924c1158}: 'int java.lang.invoke.DirectMethodHandle$Holder.invokeSpecialIFC(java.lang.Object, java.lang.Object, java.lang.Object, java.lang.Object)'> (0x00000000924c1158) 
thrown [s\src\hotspot\share\interpreter\linkResolver.cpp, line 796]
Event: 2.894 Thread 0x000002f06da30700 Exception <a 'java/lang/NoSuchMethodError'{0x0000000092360cd8}: 'void java.lang.invoke.DirectMethodHandle$Holder.invokeInterface(java.lang.Object, java.lang.Object, java.lang.Object)'> (0x0000000092360cd8) 
thrown [s\src\hotspot\share\interpreter\linkResolver.cpp, line 796]
Event: 2.965 Thread 0x000002f06da30700 Exception <a 'java/lang/NoSuchMethodError'{0x00000000923e30e8}: 'void java.lang.invoke.DirectMethodHandle$Holder.invokeStaticInit(java.lang.Object, java.lang.Object, java.lang.Object)'> (0x00000000923e30e8) 
thrown [s\src\hotspot\share\interpreter\linkResolver.cpp, line 796]
Event: 2.986 Thread 0x000002f06da30700 Exception <a 'java/lang/NoSuchMethodError'{0x000000009222cde0}: 'java.lang.Object java.lang.invoke.DirectMethodHandle$Holder.invokeVirtual(java.lang.Object, java.lang.Object, java.lang.Object)'> (0x000000009222cde0) 
thrown [s\src\hotspot\share\interpreter\linkResolver.cpp, line 796]
Event: 3.073 Thread 0x000002f06da30700 Exception <a 'java/lang/NoSuchMethodError'{0x00000000922ebd70}: 'void java.lang.invoke.DirectMethodHandle$Holder.invokeVirtual(java.lang.Object, java.lang.Object, java.lang.Object, java.lang.Object)'> (0x00000000922ebd70) 
thrown [s\src\hotspot\share\interpreter\linkResolver.cpp, line 796]
Event: 3.261 Thread 0x000002f06da30700 Exception <a 'java/lang/NoSuchMethodError'{0x0000000091f50b58}: 'java.lang.reflect.Field[] java.lang.Class.getDeclaredFields(java.lang.Class)'> (0x0000000091f50b58) 
thrown [s\src\hotspot\share\interpreter\linkResolver.cpp, line 796]
Event: 3.263 Thread 0x000002f06da30700 Exception <a 'java/lang/NoSuchMethodError'{0x0000000091f55568}: 'java.lang.Object java.lang.invoke.DirectMethodHandle$Holder.invokeStatic(java.lang.Object, java.lang.Object, int)'> (0x0000000091f55568) 
thrown [s\src\hotspot\share\interpreter\linkResolver.cpp, line 796]
Event: 3.264 Thread 0x000002f06da30700 Exception <a 'java/lang/NoSuchMethodError'{0x0000000091f60498}: 'void java.lang.invoke.DelegatingMethodHandle$Holder.delegate(java.lang.Object, java.lang.Object, int, java.lang.Object)'> (0x0000000091f60498) 
thrown [s\src\hotspot\share\interpreter\linkResolver.cpp, line 796]
Event: 3.286 Thread 0x000002f06da30700 Exception <a 'java/lang/IncompatibleClassChangeError'{0x0000000091fe1940}: Found class java.lang.Object, but interface was expected> (0x0000000091fe1940) 
thrown [s\src\hotspot\share\interpreter\linkResolver.cpp, line 863]
Event: 4.210 Thread 0x000002f06da30700 Exception <a 'java/lang/NoSuchMethodError'{0x0000000091d9ce10}: 'int java.lang.invoke.DirectMethodHandle$Holder.invokeSpecial(java.lang.Object, java.lang.Object, java.lang.Object, java.lang.Object, java.lang.Object)'> (0x0000000091d9ce10) 
thrown [s\src\hotspot\share\interpreter\linkResolver.cpp, line 796]
Event: 4.222 Thread 0x000002f06da30700 Exception <a 'java/lang/NoSuchMethodError'{0x0000000091da5490}: 'void java.lang.invoke.DirectMethodHandle$Holder.invokeVirtual(java.lang.Object, java.lang.Object)'> (0x0000000091da5490) 
thrown [s\src\hotspot\share\interpreter\linkResolver.cpp, line 796]

VM Operations (20 events):
Event: 2.207 Executing VM operation: G1CollectForAllocation (G1 Evacuation Pause)
Event: 2.226 Executing VM operation: G1CollectForAllocation (G1 Evacuation Pause) done
Event: 2.277 Executing VM operation: HandshakeAllThreads (Deoptimize)
Event: 2.277 Executing VM operation: HandshakeAllThreads (Deoptimize) done
Event: 3.215 Executing VM operation: HandshakeAllThreads (Deoptimize)
Event: 3.215 Executing VM operation: HandshakeAllThreads (Deoptimize) done
Event: 3.222 Executing VM operation: HandshakeAllThreads (Deoptimize)
Event: 3.222 Executing VM operation: HandshakeAllThreads (Deoptimize) done
Event: 3.223 Executing VM operation: HandshakeAllThreads (Deoptimize)
Event: 3.223 Executing VM operation: HandshakeAllThreads (Deoptimize) done
Event: 3.262 Executing VM operation: HandshakeAllThreads (Deoptimize)
Event: 3.262 Executing VM operation: HandshakeAllThreads (Deoptimize) done
Event: 3.515 Executing VM operation: G1CollectForAllocation (G1 Evacuation Pause)
Event: 3.522 Executing VM operation: G1CollectForAllocation (G1 Evacuation Pause) done
Event: 3.888 Executing VM operation: HandshakeAllThreads (Deoptimize)
Event: 3.888 Executing VM operation: HandshakeAllThreads (Deoptimize) done
Event: 3.989 Executing VM operation: HandshakeAllThreads (Deoptimize)
Event: 3.989 Executing VM operation: HandshakeAllThreads (Deoptimize) done
Event: 4.165 Executing VM operation: HandshakeAllThreads (Deoptimize)
Event: 4.165 Executing VM operation: HandshakeAllThreads (Deoptimize) done

Memory protections (0 events):
No events

Nmethod flushes (0 events):
No events

Events (16 events):
Event: 0.114 Thread 0x000002f06da30700 Thread added: 0x000002f06da30700
Event: 0.133 Thread 0x000002f06da30700 Thread added: 0x000002f07d522210
Event: 0.134 Thread 0x000002f06da30700 Thread added: 0x000002f07d523990
Event: 0.134 Thread 0x000002f06da30700 Thread added: 0x000002f07d52d5a0
Event: 0.134 Thread 0x000002f06da30700 Thread added: 0x000002f07d52e000
Event: 0.134 Thread 0x000002f06da30700 Thread added: 0x000002f07d52ff20
Event: 0.135 Thread 0x000002f06da30700 Thread added: 0x000002f07d532e50
Event: 0.135 Thread 0x000002f06da30700 Thread added: 0x000002f07d53f850
Event: 0.135 Thread 0x000002f06da30700 Thread added: 0x000002f0540311b0
Event: 0.491 Thread 0x000002f06da30700 Thread added: 0x000002f054110320
Event: 0.613 Thread 0x000002f0540311b0 Thread added: 0x000002f0542ab000
Event: 0.909 Thread 0x000002f0542ab000 Thread exited: 0x000002f0542ab000
Event: 1.031 Thread 0x000002f06da30700 Thread added: 0x000002f0548eff90
Event: 1.031 Thread 0x000002f06da30700 Thread added: 0x000002f0548f0600
Event: 3.249 Thread 0x000002f06da30700 Thread added: 0x000002f055422040
Event: 4.281 Thread 0x000002f0540311b0 Thread added: 0x000002f055e5e230


Dynamic libraries:
0x00007ff73fc00000 - 0x00007ff73fc0e000 	C:\Users\lobin\.jdks\corretto-23.0.2\bin\java.exe
0x00007ffba7be0000 - 0x00007ffba7e47000 	C:\WINDOWS\SYSTEM32\ntdll.dll
0x00007ffb6bef0000 - 0x00007ffb6bf11000 	C:\Program Files\Avast Software\Avast\aswhook.dll
0x00007ffba6b90000 - 0x00007ffba6c59000 	C:\WINDOWS\System32\KERNEL32.DLL
0x00007ffba4540000 - 0x00007ffba4934000 	C:\WINDOWS\System32\KERNELBASE.dll
0x00007ffba49f0000 - 0x00007ffba4b3b000 	C:\WINDOWS\System32\ucrtbase.dll
0x00007ffb9fc00000 - 0x00007ffb9fc1b000 	C:\Users\lobin\.jdks\corretto-23.0.2\bin\VCRUNTIME140.dll
0x00007ffb9fbe0000 - 0x00007ffb9fbf7000 	C:\Users\lobin\.jdks\corretto-23.0.2\bin\jli.dll
0x00007ffba6c70000 - 0x00007ffba6e35000 	C:\WINDOWS\System32\USER32.dll
0x00007ffba57d0000 - 0x00007ffba57f7000 	C:\WINDOWS\System32\win32u.dll
0x00007ffb8d500000 - 0x00007ffb8d793000 	C:\WINDOWS\WinSxS\amd64_microsoft.windows.common-controls_6595b64144ccf1df_6.0.26100.8115_none_3e075c82e3354f9c\COMCTL32.dll
0x00007ffba5dd0000 - 0x00007ffba5e79000 	C:\WINDOWS\System32\msvcrt.dll
0x00007ffba66b0000 - 0x00007ffba66db000 	C:\WINDOWS\System32\GDI32.dll
0x00007ffba5530000 - 0x00007ffba565b000 	C:\WINDOWS\System32\gdi32full.dll
0x00007ffba5800000 - 0x00007ffba58a3000 	C:\WINDOWS\System32\msvcp_win.dll
0x00007ffba7630000 - 0x00007ffba7662000 	C:\WINDOWS\System32\IMM32.DLL
0x00007ffb9fbd0000 - 0x00007ffb9fbdc000 	C:\Users\lobin\.jdks\corretto-23.0.2\bin\vcruntime140_1.dll
0x00007ffb9fb40000 - 0x00007ffb9fbcd000 	C:\Users\lobin\.jdks\corretto-23.0.2\bin\msvcp140.dll
0x00007ffaf8760000 - 0x00007ffaf9538000 	C:\Users\lobin\.jdks\corretto-23.0.2\bin\server\jvm.dll
0x00007ffba5d10000 - 0x00007ffba5dc6000 	C:\WINDOWS\System32\ADVAPI32.dll
0x00007ffba5a00000 - 0x00007ffba5aa7000 	C:\WINDOWS\System32\sechost.dll
0x00007ffba7670000 - 0x00007ffba7788000 	C:\WINDOWS\System32\RPCRT4.dll
0x00007ffba72f0000 - 0x00007ffba7370000 	C:\WINDOWS\System32\WS2_32.dll
0x00007ffb9f8f0000 - 0x00007ffb9f8fb000 	C:\WINDOWS\SYSTEM32\VERSION.dll
0x00007ffb995c0000 - 0x00007ffb995f6000 	C:\WINDOWS\SYSTEM32\WINMM.dll
0x00007ffba4310000 - 0x00007ffba436e000 	C:\WINDOWS\SYSTEM32\POWRPROF.dll
0x00007ffba42f0000 - 0x00007ffba4304000 	C:\WINDOWS\SYSTEM32\UMPDC.dll
0x00007ffba3240000 - 0x00007ffba325b000 	C:\WINDOWS\SYSTEM32\kernel.appcore.dll
0x00007ffb9fb30000 - 0x00007ffb9fb3a000 	C:\Users\lobin\.jdks\corretto-23.0.2\bin\jimage.dll
0x00007ffb95770000 - 0x00007ffb959b2000 	C:\WINDOWS\SYSTEM32\DBGHELP.DLL
0x00007ffba7790000 - 0x00007ffba7b12000 	C:\WINDOWS\System32\combase.dll
0x00007ffba5b30000 - 0x00007ffba5c08000 	C:\WINDOWS\System32\OLEAUT32.dll
0x00007ffb949f0000 - 0x00007ffb94a2b000 	C:\WINDOWS\SYSTEM32\dbgcore.DLL
0x00007ffba4940000 - 0x00007ffba49e5000 	C:\WINDOWS\System32\bcryptPrimitives.dll
0x00007ffb8e290000 - 0x00007ffb8e29e000 	C:\Users\lobin\.jdks\corretto-23.0.2\bin\instrument.dll
0x00007ffb9fb00000 - 0x00007ffb9fb1e000 	C:\Users\lobin\.jdks\corretto-23.0.2\bin\java.dll
0x00007ffba70f0000 - 0x00007ffba7287000 	C:\WINDOWS\System32\ole32.dll
0x00007ffba5e80000 - 0x00007ffba65e7000 	C:\WINDOWS\System32\SHELL32.dll
0x00007ffba5660000 - 0x00007ffba57ca000 	C:\WINDOWS\System32\wintypes.dll
0x00007ffba4cc0000 - 0x00007ffba5528000 	C:\WINDOWS\System32\windows.storage.dll
0x00007ffba7380000 - 0x00007ffba7478000 	C:\WINDOWS\System32\SHCORE.dll
0x00007ffba7b20000 - 0x00007ffba7b86000 	C:\WINDOWS\System32\shlwapi.dll
0x00007ffba43d0000 - 0x00007ffba43f9000 	C:\WINDOWS\SYSTEM32\profapi.dll
0x00007ffb8e2b0000 - 0x00007ffb8e387000 	C:\Users\lobin\.jdks\corretto-23.0.2\bin\jsvml.dll
0x00007ffb942f0000 - 0x00007ffb94307000 	C:\Users\lobin\.jdks\corretto-23.0.2\bin\zip.dll
0x00007ffb9faf0000 - 0x00007ffb9fb00000 	C:\Users\lobin\.jdks\corretto-23.0.2\bin\net.dll
0x00007ffba37b0000 - 0x00007ffba381c000 	C:\WINDOWS\system32\mswsock.dll
0x00007ffb95400000 - 0x00007ffb95416000 	C:\Users\lobin\.jdks\corretto-23.0.2\bin\nio.dll
0x00007ffb808b0000 - 0x00007ffb808ca000 	C:\Program Files\JetBrains\IntelliJ IDEA Community Edition 2024.2.6\bin\breakgen64.dll
0x00007ffb90500000 - 0x00007ffb90509000 	C:\Users\lobin\.jdks\corretto-23.0.2\bin\extnet.dll

dbghelp: loaded successfully - version: 4.0.5 - missing functions: none
symbol engine: initialized successfully - sym options: 0x614 - pdb path: .;C:\Users\lobin\.jdks\corretto-23.0.2\bin;C:\WINDOWS\SYSTEM32;C:\Program Files\Avast Software\Avast;C:\WINDOWS\WinSxS\amd64_microsoft.windows.common-controls_6595b64144ccf1df_6.0.26100.8115_none_3e075c82e3354f9c;C:\Users\lobin\.jdks\corretto-23.0.2\bin\server;C:\Program Files\JetBrains\IntelliJ IDEA Community Edition 2024.2.6\bin

VM Arguments:
jvm_args: -javaagent:C:\Program Files\JetBrains\IntelliJ IDEA Community Edition 2024.2.6\lib\idea_rt.jar=52464:C:\Program Files\JetBrains\IntelliJ IDEA Community Edition 2024.2.6\bin -Dfile.encoding=UTF-8 -Dsun.stdout.encoding=UTF-8 -Dsun.stderr.encoding=UTF-8 
java_command: com.especial_topics_1.restaurant.RestaurantApplication
java_class_path (initial): C:\Users\lobin\IdeaProjects\restaurant-spring-boot\target\classes;C:\Users\lobin\.m2\repository\org\springframework\boot\spring-boot-starter-data-jpa\4.0.5\spring-boot-starter-data-jpa-4.0.5.jar;C:\Users\lobin\.m2\repository\org\springframework\boot\spring-boot-starter\4.0.5\spring-boot-starter-4.0.5.jar;C:\Users\lobin\.m2\repository\org\springframework\boot\spring-boot-starter-logging\4.0.5\spring-boot-starter-logging-4.0.5.jar;C:\Users\lobin\.m2\repository\ch\qos\logback\logback-classic\1.5.32\logback-classic-1.5.32.jar;C:\Users\lobin\.m2\repository\ch\qos\logback\logback-core\1.5.32\logback-core-1.5.32.jar;C:\Users\lobin\.m2\repository\org\apache\logging\log4j\log4j-to-slf4j\2.25.3\log4j-to-slf4j-2.25.3.jar;C:\Users\lobin\.m2\repository\org\apache\logging\log4j\log4j-api\2.25.3\log4j-api-2.25.3.jar;C:\Users\lobin\.m2\repository\org\slf4j\jul-to-slf4j\2.0.17\jul-to-slf4j-2.0.17.jar;C:\Users\lobin\.m2\repository\org\springframework\boot\spring-boot-autoconfigure\4.0.5\spring-boot-autoconfigure-4.0.5.jar;C:\Users\lobin\.m2\repository\jakarta\annotation\jakarta.annotation-api\3.0.0\jakarta.annotation-api-3.0.0.jar;C:\Users\lobin\.m2\repository\org\yaml\snakeyaml\2.5\snakeyaml-2.5.jar;C:\Users\lobin\.m2\repository\org\springframework\boot\spring-boot-starter-jdbc\4.0.5\spring-boot-starter-jdbc-4.0.5.jar;C:\Users\lobin\.m2\repository\com\zaxxer\HikariCP\7.0.2\HikariCP-7.0.2.jar;C:\Users\lobin\.m2\repository\org\springframework\boot\spring-boot-data-jpa\4.0.5\spring-boot-data-jpa-4.0.5.jar;C:\Users\lobin\.m2\repository\org\springframework\boot\spring-boot-data-commons\4.0.5\spring-boot-data-commons-4.0.5.jar;C:\Users\lobin\.m2\repository\org\springframework\boot\spring-boot-persistence\4.0.5\spring-boot-persistence-4.0.5.jar;C:\Users\lobin\.m2\repository\org\springframework\data\spring-data-commons\4.0.4\spring-data-commons-4.0.4.jar;C:\Users\lobin\.m2\repository\org\springframework\boot\spring-boot-hibernate\4.0.5\spring-boot-hibernate-4.0.5.jar;C:\Users\lobin\.m2\repository\org\springframework\boot\spring-boot-jpa\4.0.5\spring-boot-jpa-4.0.5.jar;C:\Users\lobin\.m2\repository\jakarta\persistence\jakarta.persistence-api\3.2.0\jakarta.persistence-api-3.2.0.jar;C:\Users\lobin\.m2\repository\org\hibernate\orm\hibernate-core\7.2.7.Final\hibernate-core-7.2.7.Final.jar;C:\Users\lobin\.m2\repository\jakarta\transaction\jakarta.transaction-api\2.0.1\jakarta.transaction-api-2.0.1.jar;C:\Users\lobin\.m2\repository\org\hibernate\models\hibernate-models\1.0.1\hibernate-models-1.0.1.jar;C:\Users\lobin\.m2\repository\org\glassfish\jaxb\jaxb-runtime\4.0.6\jaxb-runtime-4.0.6.jar;C:\Users\lobin\.m2\repository\org\glassfish\jaxb\jaxb-core\4.0.6\jaxb-core-4.0.6.jar;C:\Users\lobin\.m2\repository\org\glassfish\jaxb\txw2\4.0.6\txw2-4.0.6.jar;C:\Users\lobin\.m2\repository\com\sun\istack\istack-commons-runtime\4.1.2\istack-commons-runtime-4.1.2.jar;C:\Users\lobin\.m2\repository\jakarta\inject\jakarta.inject-api\2.0.1\jakarta.inject-api-2.0.1.jar;C:\Users\lobin\.m2\repository\org\springframework\spring-orm\7.0.6\spring-orm-7.0.6.jar;C:\Users\lobin\.m2\repository\org\springframework\data\spring-data-jpa\4.0.4\spring-data-jpa-4.0.4.jar;C:\Users\lobin\.m2\repository\org\springframework\spring-context\7.0.6\spring-context-7.0.6.jar;C:\Users\lobin\.m2\repository\org\springframework\spring-tx\7.0.6\spring-tx-7.0.6.jar;C:\Users\lobin\.m2\repository\org\antlr\antlr4-runtime\4.13.2\antlr4-runtime-4.13.2.jar;C:\Users\lobin\.m2\repository\org\springframework\spring-aspects\7.0.6\spring-aspects-7.0.6.jar;C:\Users\lobin\.m2\repository\org\aspectj\aspectjweaver\1.9.25.1\aspectjweaver-1.9.25.1.jar;C:\Users\lobin\.m2\repository\org\springframework\boot\spring-boot-jdbc\4.0.5\spring-boot-jdbc-4.0.5.jar;C:\Users\lobin\.m2\repository\org\springframework\boot\spring-boot\4.0.5\spring-boot-4.0.5.jar;C:\Users\lobin\.m2\repository\org\springframework\boot\spring-boot-sql\4.0.5\spring-boot-sql-4.0.5.jar;C:\Users\lobin\.m2\repository\org\springframework\boot\spring-boot-transaction\4.0.5\spring-boot-transaction-4.0.5.jar;C:\Users\lobin\.m2\repository\org\springframework\spring-jdbc\7.0.6\spring-jdbc-7.0.6.jar;C:\Users\lobin\.m2\repository\org\springframework\boot\spring-boot-starter-data-redis\4.0.5\spring-boot-starter-data-redis-4.0.5.jar;C:\Users\lobin\.m2\repository\org\springframework\boot\spring-boot-data-redis\4.0.5\spring-boot-data-redis-4.0.5.jar;C:\Users\lobin\.m2\repository\io\lettuce\lettuce-core\6.8.2.RELEASE\lettuce-core-6.8.2.RELEASE.jar;C:\Users\lobin\.m2\repository\redis\clients\authentication\redis-authx-core\0.1.1-beta2\redis-authx-core-0.1.1-beta2.jar;C:\Users\lobin\.m2\repository\io\projectreactor\reactor-core\3.8.4\reactor-core-3.8.4.jar;C:\Users\lobin\.m2\repository\io\netty\netty-resolver-dns\4.2.12.Final\netty-resolver-dns-4.2.12.Final.jar;C:\Users\lobin\.m2\repository\io\netty\netty-codec-dns\4.2.12.Final\netty-codec-dns-4.2.12.Final.jar;C:\Users\lobin\.m2\repository\org\springframework\data\spring-data-redis\4.0.4\spring-data-redis-4.0.4.jar;C:\Users\lobin\.m2\repository\org\springframework\data\spring-data-keyvalue\4.0.4\spring-data-keyvalue-4.0.4.jar;C:\Users\lobin\.m2\repository\org\springframework\spring-oxm\7.0.6\spring-oxm-7.0.6.jar;C:\Users\lobin\.m2\repository\org\springframework\boot\spring-boot-netty\4.0.5\spring-boot-netty-4.0.5.jar;C:\Users\lobin\.m2\repository\org\springframework\boot\spring-boot-starter-security\4.0.5\spring-boot-starter-security-4.0.5.jar;C:\Users\lobin\.m2\repository\org\springframework\boot\spring-boot-security\4.0.5\spring-boot-security-4.0.5.jar;C:\Users\lobin\.m2\repository\org\springframework\security\spring-security-config\7.0.4\spring-security-config-7.0.4.jar;C:\Users\lobin\.m2\repository\org\springframework\security\spring-security-core\7.0.4\spring-security-core-7.0.4.jar;C:\Users\lobin\.m2\repository\org\springframework\security\spring-security-crypto\7.0.4\spring-security-crypto-7.0.4.jar;C:\Users\lobin\.m2\repository\org\springframework\security\spring-security-web\7.0.4\spring-security-web-7.0.4.jar;C:\Users\lobin\.m2\repository\org\springframework\spring-expression\7.0.6\spring-expression-7.0.6.jar;C:\Users\lobin\.m2\repository\org\springframework\spring-aop\7.0.6\spring-aop-7.0.6.jar;C:\Users\lobin\.m2\repository\org\springframework\spring-beans\7.0.6\spring-beans-7.0.6.jar;C:\Users\lobin\.m2\repository\org\springframework\spring-core\7.0.6\spring-core-7.0.6.jar;C:\Users\lobin\.m2\repository\commons-logging\commons-logging\1.3.6\commons-logging-1.3.6.jar;C:\Users\lobin\.m2\repository\org\springframework\boot\spring-boot-starter-validation\4.0.5\spring-boot-starter-validation-4.0.5.jar;C:\Users\lobin\.m2\repository\org\springframework\boot\spring-boot-validation\4.0.5\spring-boot-validation-4.0.5.jar;C:\Users\lobin\.m2\repository\org\apache\tomcat\embed\tomcat-embed-el\11.0.20\tomcat-embed-el-11.0.20.jar;C:\Users\lobin\.m2\repository\org\hibernate\validator\hibernate-validator\9.0.1.Final\hibernate-validator-9.0.1.Final.jar;C:\Users\lobin\.m2\repository\jakarta\validation\jakarta.validation-api\3.1.1\jakarta.validation-api-3.1.1.jar;C:\Users\lobin\.m2\repository\org\jboss\logging\jboss-logging\3.6.3.Final\jboss-logging-3.6.3.Final.jar;C:\Users\lobin\.m2\repository\com\fasterxml\classmate\1.7.3\classmate-1.7.3.jar;C:\Users\lobin\.m2\repository\org\springframework\boot\spring-boot-starter-webmvc\4.0.5\spring-boot-starter-webmvc-4.0.5.jar;C:\Users\lobin\.m2\repository\org\springframework\boot\spring-boot-starter-jackson\4.0.5\spring-boot-starter-jackson-4.0.5.jar;C:\Users\lobin\.m2\repository\org\springframework\boot\spring-boot-jackson\4.0.5\spring-boot-jackson-4.0.5.jar;C:\Users\lobin\.m2\repository\tools\jackson\core\jackson-databind\3.1.0\jackson-databind-3.1.0.jar;C:\Users\lobin\.m2\repository\tools\jackson\core\jackson-core\3.1.0\jackson-core-3.1.0.jar;C:\Users\lobin\.m2\repository\org\springframework\boot\spring-boot-starter-tomcat\4.0.5\spring-boot-starter-tomcat-4.0.5.jar;C:\Users\lobin\.m2\repository\org\springframework\boot\spring-boot-starter-tomcat-runtime\4.0.5\spring-boot-starter-tomcat-runtime-4.0.5.jar;C:\Users\lobin\.m2\repository\org\apache\tomcat\embed\tomcat-embed-core\11.0.20\tomcat-embed-core-11.0.20.jar;C:\Users\lobin\.m2\repository\org\apache\tomcat\embed\tomcat-embed-websocket\11.0.20\tomcat-embed-websocket-11.0.20.jar;C:\Users\lobin\.m2\repository\org\springframework\boot\spring-boot-tomcat\4.0.5\spring-boot-tomcat-4.0.5.jar;C:\Users\lobin\.m2\repository\org\springframework\boot\spring-boot-http-converter\4.0.5\spring-boot-http-converter-4.0.5.jar;C:\Users\lobin\.m2\repository\org\springframework\spring-web\7.0.6\spring-web-7.0.6.jar;C:\Users\lobin\.m2\repository\io\micrometer\micrometer-observation\1.16.4\micrometer-observation-1.16.4.jar;C:\Users\lobin\.m2\repository\io\micrometer\micrometer-commons\1.16.4\micrometer-commons-1.16.4.jar;C:\Users\lobin\.m2\repository\org\springframework\boot\spring-boot-webmvc\4.0.5\spring-boot-webmvc-4.0.5.jar;C:\Users\lobin\.m2\repository\org\springframework\boot\spring-boot-servlet\4.0.5\spring-boot-servlet-4.0.5.jar;C:\Users\lobin\.m2\repository\org\springframework\spring-webmvc\7.0.6\spring-webmvc-7.0.6.jar;C:\Users\lobin\.m2\repository\org\postgresql\postgresql\42.7.10\postgresql-42.7.10.jar;C:\Users\lobin\.m2\repository\org\checkerframework\checker-qual\3.52.0\checker-qual-3.52.0.jar;C:\Users\lobin\.m2\repository\org\projectlombok\lombok\1.18.44\lombok-1.18.44.jar;C:\Users\lobin\.m2\repository\jakarta\xml\bind\jakarta.xml.bind-api\4.0.4\jakarta.xml.bind-api-4.0.4.jar;C:\Users\lobin\.m2\repository\jakarta\activation\jakarta.activation-api\2.1.4\jakarta.activation-api-2.1.4.jar;C:\Users\lobin\.m2\repository\net\bytebuddy\byte-buddy\1.17.8\byte-buddy-1.17.8.jar;C:\Users\lobin\.m2\repository\org\springframework\boot\spring-boot-web-server\4.0.5\spring-boot-web-server-4.0.5.jar;C:\Users\lobin\.m2\repository\org\mapstruct\mapstruct\1.5.5.Final\mapstruct-1.5.5.Final.jar;C:\Users\lobin\.m2\repository\com\auth0\java-jwt\4.4.0\java-jwt-4.4.0.jar;C:\Users\lobin\.m2\repository\com\fasterxml\jackson\core\jackson-databind\2.21.2\jackson-databind-2.21.2.jar;C:\Users\lobin\.m2\repository\com\fasterxml\jackson\core\jackson-annotations\2.21\jackson-annotations-2.21.jar;C:\Users\lobin\.m2\repository\com\fasterxml\jackson\core\jackson-core\2.21.2\jackson-core-2.21.2.jar;C:\Users\lobin\.m2\repository\com\github\f4b6a3\uuid-creator\6.0.0\uuid-creator-6.0.0.jar;C:\Users\lobin\.m2\repository\software\amazon\awssdk\s3\2.25.27\s3-2.25.27.jar;C:\Users\lobin\.m2\repository\software\amazon\awssdk\aws-xml-protocol\2.25.27\aws-xml-protocol-2.25.27.jar;C:\Users\lobin\.m2\repository\software\amazon\awssdk\aws-query-protocol\2.25.27\aws-query-protocol-2.25.27.jar;C:\Users\lobin\.m2\repository\software\amazon\awssdk\protocol-core\2.25.27\protocol-core-2.25.27.jar;C:\Users\lobin\.m2\repository\software\amazon\awssdk\arns\2.25.27\arns-2.25.27.jar;C:\Users\lobin\.m2\repository\software\amazon\awssdk\profiles\2.25.27\profiles-2.25.27.jar;C:\Users\lobin\.m2\repository\software\amazon\awssdk\crt-core\2.25.27\crt-core-2.25.27.jar;C:\Users\lobin\.m2\repository\software\amazon\awssdk\http-auth\2.25.27\http-auth-2.25.27.jar;C:\Users\lobin\.m2\repository\software\amazon\awssdk\identity-spi\2.25.27\identity-spi-2.25.27.jar;C:\Users\lobin\.m2\repository\software\amazon\awssdk\http-auth-spi\2.25.27\http-auth-spi-2.25.27.jar;C:\Users\lobin\.m2\repository\org\reactivestreams\reactive-streams\1.0.4\reactive-streams-1.0.4.jar;C:\Users\lobin\.m2\repository\software\amazon\awssdk\http-auth-aws\2.25.27\http-auth-aws-2.25.27.jar;C:\Users\lobin\.m2\repository\software\amazon\awssdk\checksums\2.25.27\checksums-2.25.27.jar;C:\Users\lobin\.m2\repository\software\amazon\awssdk\checksums-spi\2.25.27\checksums-spi-2.25.27.jar;C:\Users\lobin\.m2\repository\software\amazon\awssdk\sdk-core\2.25.27\sdk-core-2.25.27.jar;C:\Users\lobin\.m2\repository\org\slf4j\slf4j-api\2.0.17\slf4j-api-2.0.17.jar;C:\Users\lobin\.m2\repository\software\amazon\awssdk\auth\2.25.27\auth-2.25.27.jar;C:\Users\lobin\.m2\repository\software\amazon\eventstream\eventstream\1.0.1\eventstream-1.0.1.jar;C:\Users\lobin\.m2\repository\software\amazon\awssdk\http-client-spi\2.25.27\http-client-spi-2.25.27.jar;C:\Users\lobin\.m2\repository\software\amazon\awssdk\regions\2.25.27\regions-2.25.27.jar;C:\Users\lobin\.m2\repository\software\amazon\awssdk\annotations\2.25.27\annotations-2.25.27.jar;C:\Users\lobin\.m2\repository\software\amazon\awssdk\utils\2.25.27\utils-2.25.27.jar;C:\Users\lobin\.m2\repository\software\amazon\awssdk\aws-core\2.25.27\aws-core-2.25.27.jar;C:\Users\lobin\.m2\repository\software\amazon\awssdk\metrics-spi\2.25.27\metrics-spi-2.25.27.jar;C:\Users\lobin\.m2\repository\software\amazon\awssdk\json-utils\2.25.27\json-utils-2.25.27.jar;C:\Users\lobin\.m2\repository\software\amazon\awssdk\third-party-jackson-core\2.25.27\third-party-jackson-core-2.25.27.jar;C:\Users\lobin\.m2\repository\software\amazon\awssdk\endpoints-spi\2.25.27\endpoints-spi-2.25.27.jar;C:\Users\lobin\.m2\repository\software\amazon\awssdk\apache-client\2.25.27\apache-client-2.25.27.jar;C:\Users\lobin\.m2\repository\org\apache\httpcomponents\httpclient\4.5.13\httpclient-4.5.13.jar;C:\Users\lobin\.m2\repository\org\apache\httpcomponents\httpcore\4.4.16\httpcore-4.4.16.jar;C:\Users\lobin\.m2\repository\commons-codec\commons-codec\1.19.0\commons-codec-1.19.0.jar;C:\Users\lobin\.m2\repository\software\amazon\awssdk\netty-nio-client\2.25.27\netty-nio-client-2.25.27.jar;C:\Users\lobin\.m2\repository\io\netty\netty-codec-http\4.2.12.Final\netty-codec-http-4.2.12.Final.jar;C:\Users\lobin\.m2\repository\io\netty\netty-codec-base\4.2.12.Final\netty-codec-base-4.2.12.Final.jar;C:\Users\lobin\.m2\repository\io\netty\netty-codec-compression\4.2.12.Final\netty-codec-compression-4.2.12.Final.jar;C:\Users\lobin\.m2\repository\io\netty\netty-codec-http2\4.2.12.Final\netty-codec-http2-4.2.12.Final.jar;C:\Users\lobin\.m2\repository\io\netty\netty-codec\4.2.12.Final\netty-codec-4.2.12.Final.jar;C:\Users\lobin\.m2\repository\io\netty\netty-codec-protobuf\4.2.12.Final\netty-codec-protobuf-4.2.12.Final.jar;C:\Users\lobin\.m2\repository\io\netty\netty-codec-marshalling\4.2.12.Final\netty-codec-marshalling-4.2.12.Final.jar;C:\Users\lobin\.m2\repository\io\netty\netty-transport\4.2.12.Final\netty-transport-4.2.12.Final.jar;C:\Users\lobin\.m2\repository\io\netty\netty-common\4.2.12.Final\netty-common-4.2.12.Final.jar;C:\Users\lobin\.m2\repository\io\netty\netty-buffer\4.2.12.Final\netty-buffer-4.2.12.Final.jar;C:\Users\lobin\.m2\repository\io\netty\netty-handler\4.2.12.Final\netty-handler-4.2.12.Final.jar;C:\Users\lobin\.m2\repository\io\netty\netty-transport-native-unix-common\4.2.12.Final\netty-transport-native-unix-common-4.2.12.Final.jar;C:\Users\lobin\.m2\repository\io\netty\netty-transport-classes-epoll\4.2.12.Final\netty-transport-classes-epoll-4.2.12.Final.jar;C:\Users\lobin\.m2\repository\io\netty\netty-resolver\4.2.12.Final\netty-resolver-4.2.12.Final.jar;C:\Users\lobin\.m2\repository\org\springframework\boot\spring-boot-starter-mail\4.0.5\spring-boot-starter-mail-4.0.5.jar;C:\Users\lobin\.m2\repository\org\springframework\boot\spring-boot-mail\4.0.5\spring-boot-mail-4.0.5.jar;C:\Users\lobin\.m2\repository\org\springframework\spring-context-support\7.0.6\spring-context-support-7.0.6.jar;C:\Users\lobin\.m2\repository\jakarta\mail\jakarta.mail-api\2.1.5\jakarta.mail-api-2.1.5.jar;C:\Users\lobin\.m2\repository\org\eclipse\angus\angus-mail\2.0.5\angus-mail-2.0.5.jar;C:\Users\lobin\.m2\repository\org\eclipse\angus\angus-activation\2.0.3\angus-activation-2.0.3.jar;C:\Users\lobin\.m2\repository\net\coobird\thumbnailator\0.4.20\thumbnailator-0.4.20.jar;C:\Users\lobin\.m2\repository\org\springdoc\springdoc-openapi-starter-webmvc-ui\3.0.0\springdoc-openapi-starter-webmvc-ui-3.0.0.jar;C:\Users\lobin\.m2\repository\org\springdoc\springdoc-openapi-starter-webmvc-api\3.0.0\springdoc-openapi-starter-webmvc-api-3.0.0.jar;C:\Users\lobin\.m2\repository\org\springdoc\springdoc-openapi-starter-common\3.0.0\springdoc-openapi-starter-common-3.0.0.jar;C:\Users\lobin\.m2\repository\io\swagger\core\v3\swagger-core-jakarta\2.2.38\swagger-core-jakarta-2.2.38.jar;C:\Users\lobin\.m2\repository\org\apache\commons\commons-lang3\3.19.0\commons-lang3-3.19.0.jar;C:\Users\lobin\.m2\repository\io\swagger\core\v3\swagger-annotations-jakarta\2.2.38\swagger-annotations-jakarta-2.2.38.jar;C:\Users\lobin\.m2\repository\io\swagger\core\v3\swagger-models-jakarta\2.2.38\swagger-models-jakarta-2.2.38.jar;C:\Users\lobin\.m2\repository\com\fasterxml\jackson\dataformat\jackson-dataformat-yaml\2.21.2\jackson-dataformat-yaml-2.21.2.jar;C:\Users\lobin\.m2\repository\com\fasterxml\jackson\datatype\jackson-datatype-jsr310\2.21.2\jackson-datatype-jsr310-2.21.2.jar;C:\Users\lobin\.m2\repository\org\webjars\swagger-ui\5.30.1\swagger-ui-5.30.1.jar;C:\Users\lobin\.m2\repository\org\webjars\webjars-locator-lite\1.1.3\webjars-locator-lite-1.1.3.jar;C:\Users\lobin\.m2\repository\org\jspecify\jspecify\1.0.0\jspecify-1.0.0.jar
Launcher Type: SUN_STANDARD

[Global flags]
     intx CICompilerCount                          = 4                                         {product} {ergonomic}
     uint ConcGCThreads                            = 2                                         {product} {ergonomic}
     uint G1ConcRefinementThreads                  = 8                                         {product} {ergonomic}
   size_t G1HeapRegionSize                         = 1048576                                   {product} {ergonomic}
   size_t InitialHeapSize                          = 123731968                                 {product} {ergonomic}
   size_t MarkStackSize                            = 4194304                                   {product} {ergonomic}
   size_t MarkStackSizeMax                         = 536870912                                 {product} {ergonomic}
   size_t MaxHeapSize                              = 1954545664                                {product} {ergonomic}
   size_t MaxNewSize                               = 1172307968                                {product} {ergonomic}
   size_t MinHeapDeltaBytes                        = 1048576                                   {product} {ergonomic}
   size_t MinHeapSize                              = 8388608                                   {product} {ergonomic}
    uintx NonNMethodCodeHeapSize                   = 5832704                                {pd product} {ergonomic}
    uintx NonProfiledCodeHeapSize                  = 122945536                              {pd product} {ergonomic}
    uintx ProfiledCodeHeapSize                     = 122880000                              {pd product} {ergonomic}
    uintx ReservedCodeCacheSize                    = 251658240                              {pd product} {ergonomic}
     bool SegmentedCodeCache                       = true                                      {product} {ergonomic}
   size_t SoftMaxHeapSize                          = 1954545664                             {manageable} {ergonomic}
     bool UseCompressedOops                        = true                           {product lp64_product} {ergonomic}
     bool UseG1GC                                  = true                                      {product} {ergonomic}
     bool UseLargePagesIndividualAllocation        = false                                  {pd product} {ergonomic}

Logging:
Log output configuration:
 #0: stdout all=warning uptime,level,tags foldmultilines=false
 #1: stderr all=off uptime,level,tags foldmultilines=false

Environment Variables:
PATH=C:\Program Files (x86)\Common Files\Intel\Shared Libraries\redist\intel64\compiler;C:\WINDOWS\system32;C:\WINDOWS;C:\WINDOWS\System32\Wbem;C:\WINDOWS\System32\WindowsPowerShell\v1.0\;C:\WINDOWS\System32\OpenSSH\;C:\Program Files\Go\bin;C:\Users\lobin\AppData\Local\Muse Hub\lib;C:\Users\lobin\Downloads\ffmpeg-8.0.1-essentials_build\ffmpeg-8.0.1-essentials_build\bin;C:\Program Files\dotnet\;C:\Program Files\nodejs\;C:\Program Files\Git\cmd;C:\Users\lobin\AppData\Local\Programs\Python\Python310\Scripts\;C:\Users\lobin\AppData\Local\Programs\Python\Python310\;C:\Users\lobin\AppData\Local\Programs\Python\Python312\Scripts\;C:\Users\lobin\AppData\Local\Programs\Python\Python312\;C:\Users\lobin\AppData\Local\Programs\Python\Launcher\;C:\Program Files\MySQL\MySQL Shell 8.0\bin\;C:\WINDOWS\system32;C:\WINDOWS;C:\WINDOWS\System32\Wbem;C:\WINDOWS\System32\WindowsPowerShell\v1.0\;C:\WINDOWS\System32\OpenSSH\;C:\Program Files\Go\bin;C:\Users\lobin\AppData\Local\Microsoft\WindowsApps;C:\Users\lobin\go\bin;C:\Program Files\Git\cmd;C:\Tools\bin;C:\Users\lobin\AppData\Local\Python\bin;C:\Users\lobin\AppData\Local\Programs\Microsoft VS Code\bin;C:\Users\lobin\AppData\Local\Microsoft\WindowsApps;C:\Users\lobin\AppData\Local\Muse Hub\lib;C:\Users\lobin\AppData\Roaming\npm;C:\Program Files\JetBrains\IntelliJ IDEA 2026.\bin;C:\Program Files\JetBrains\IntelliJ IDEA Community Edition 2024.2.6\bin;
USERNAME=lobin
OS=Windows_NT
PROCESSOR_IDENTIFIER=AMD64 Family 23 Model 160 Stepping 0, AuthenticAMD
TMP=C:\Users\lobin\AppData\Local\Temp
TEMP=C:\Users\lobin\AppData\Local\Temp




Periodic native trim disabled

---------------  S Y S T E M  ---------------

OS:
 Windows 11 , 64 bit Build 26100 (10.0.26100.8246)
OS uptime: 0 days 14:06 hours

CPU: total 8 (initial active 8) (8 cores per cpu, 2 threads per core) family 23 model 160 stepping 0 microcode 0x8a00006, cx8, cmov, fxsr, ht, mmx, 3dnowpref, sse, sse2, sse3, ssse3, sse4a, sse4.1, sse4.2, popcnt, lzcnt, tsc, tscinvbit, avx, avx2, aes, clmul, bmi1, bmi2, adx, sha, fma, vzeroupper, clflush, clflushopt, rdtscp, rdpid, f16c
Processor Information for the first 8 processors :
  Max Mhz: 2801, Current Mhz: 2801, Mhz Limit: 2801

Memory: 4k page, system-wide physical 7455M (505M free)
TotalPageFile size 29983M (AvailPageFile size 0M)
current process WorkingSet (physical memory assigned to process): 145M, peak: 145M
current process commit charge ("private bytes"): 264M, peak: 264M

vm_info: OpenJDK 64-Bit Server VM (23.0.2+7-FR) for windows-amd64 JRE (23.0.2+7-FR), built on 2025-01-07T22:59:58Z with MS VC++ 16.10 / 16.11 (VS2019)

END.
